// Jest Snapshot v1, https://goo.gl/fbAQLP

exports[`Footer should match snapshot 1`] = `
.emotion-1 {
  background-color: #3d1755;
  padding: 7px;
}

.emotion-1 h2 {
  color: white;
  margin: 10px 0;
}

@media (min-width:420px) {
  .emotion-1 {
    padding: 12px;
  }
}

@media (min-width:900px) {
  .emotion-1 {
    padding: 17px;
    -webkit-flex: 3;
    -ms-flex: 3;
    flex: 3;
    max-width: 368px;
  }
}

.emotion-0 {
  padding-left: 20px;
  border-left: solid 1px #e56a17;
}

.emotion-0 a {
  display: block;
  margin-bottom: 8px;
}

<div
  className="emotion-1"
>
  <h2>
    Other recordings of my adventures:
  </h2>
  <div
    className="emotion-0"
  >
    <FooterLink
      key="0"
      text="This blog post loves YOU!"
      to="/blog/123/"
    />
    <FooterLink
      key="1"
      text="I am bad at writing good stories!"
      to="/notblog/123/"
    />
    <FooterLink
      key="2"
      text="Once upon a time I was making a website with Gatsby, Jest and Storybook, and it was a lot of fun"
      to="/otherpage/"
    />
    <FooterLink
      key="3"
      text="How to search and all that"
      to="https://www.google.com"
    />
  </div>
</div>
`;
